// Jest Snapshot v1, https://goo.gl/fbAQLP

exports[`<Breadcrumbs /> component should render component 1`] = `
<div>
  <div
    class="breadcrumbs"
  />
</div>
`;
