// Jest Snapshot v1, https://goo.gl/fbAQLP

exports[`Techtronix component should render component 1`] = `
<React.Fragment>
  <BsCart4
    color="rgb(47, 79, 79)"
    size={30}
  />
  <span
    className="shopping-cart__counter"
  >
    5
  </span>
</React.Fragment>
`;
