// Jest Snapshot v1, https://goo.gl/fbAQLP

exports[`Product detail wrap component Renderer componen 1`] = `
<div
  className="detail-card"
>
  <div
    className="detail-card__item detail-card__item--image"
  >
    <img
      alt=""
      src="https://itx-frontend-test.onrender.com/images/ZmGrkLRPXOTpxsU4jjAcv.jpg"
    />
  </div>
  <div
    className="detail-card__item item-information"
  >
    <div
      className="item-information__header"
    >
      <p
        className="item-information__header--title"
      >
        Acer/Iconia Talk S/2 GB RAM
      </p>
      <p
        className="item-information__header--price"
      />
      <p
        className="item-information__header--price"
      >
        784
         â‚¬
      </p>
    </div>
    <div
      className="item-information__body"
    >
      <p
        className="item-information__body--title"
      >
        Caracteristicas destacadas
      </p>
      <ul
        className="item-information__body--options"
      >
        <li>
          <span>
            <b>
              brand
              : 
            </b>
             
            Acer
          </span>
        </li>
        <li>
          <span>
            <b>
              model
              : 
            </b>
             
            Iconia Talk S
          </span>
        </li>
        <li>
          <span>
            <b>
              price
              : 
            </b>
             
            784
          </span>
        </li>
        <li>
          <span>
            <b>
              cpu
              : 
            </b>
             
            Quad-core 1.3 GHz Cortex-A53
          </span>
        </li>
        <li>
          <span>
            <b>
              ram
              : 
            </b>
             
            2 GB RAM
          </span>
        </li>
        <li>
          <span>
            <b>
              os
              : 
            </b>
             
            Android 6.0 (Marshmallow)
          </span>
        </li>
        <li>
          <span>
            <b>
              displaySize
              : 
            </b>
             
            720 x 1280 pixels (~210 ppi pixel density)
          </span>
        </li>
        <li>
          <span>
            <b>
              battery
              : 
            </b>
             
            Non-removable Li-Ion 3400 mAh battery (12.92 Wh)
          </span>
        </li>
        <li>
          <span>
            <b>
              dimentions
              : 
            </b>
             
            191.7 x 101 x 9.4 mm (7.55 x 3.98 x 0.37 in)
          </span>
        </li>
        <li>
          <span>
            <b>
              primaryCamera
              : 
            </b>
             
            13 MP
            autofocus
          </span>
        </li>
        <li>
          <span>
            <b>
              secondaryCmera
              : 
            </b>
             
            2 MP
            720p
          </span>
        </li>
      </ul>
    </div>
    <div
      className="item-information__footer"
    >
      <div
        className="item-information__footer--actions"
      >
        <div
          className="select-actions"
        >
          <label
            className="select-actions__label"
          >
            Almacenamiento
          </label>
          <select
            className="select-actions__select"
            id="actions"
            name="actions"
          >
            <option
              value="16 GB"
            >
              16 GB
            </option>
            <option
              value="32 GB"
            >
              32 GB
            </option>
          </select>
        </div>
        <div
          className="select-actions"
        >
          <label
            className="select-actions__label"
          >
            Color
          </label>
          <select
            className="select-actions__select"
            id="actions"
            name="actions"
          >
            <option
              value="16 GB"
            >
              16 GB
            </option>
            <option
              value="32 GB"
            >
              32 GB
            </option>
          </select>
        </div>
        <div
          className="select-actions"
        >
          <label
            className="select-actions__label"
          >
            Cantidad
          </label>
          <select
            className="select-actions__select"
            id="actions"
            name="actions"
          >
            <option
              value="16 GB"
            >
              16 GB
            </option>
            <option
              value="32 GB"
            >
              32 GB
            </option>
          </select>
        </div>
      </div>
      <Button
        disabledBtn={false}
        size="sm"
      >
        <span>
          Agregar al carro
        </span>
      </Button>
    </div>
  </div>
</div>
`;
