// Jest Snapshot v1, https://goo.gl/fbAQLP

exports[`Techtronix component should render component 1`] = `
<div>
  <div
    class="card-list"
  >
    <div>
      <a
        href="/details/undefinedundefined"
      >
        <div
          class="card"
        >
          <img
            class="card__image"
            src="http:image-hp-test.com"
          />
          <div
            class="card__content"
          >
            <p
              class="card__content--brand"
            >
              Acer
            </p>
            <p
              class="card__content--model"
            >
              test acer
            </p>
            <p
              class="card__content--price"
            >
              110
               €
            </p>
          </div>
          <div
            class="btn btn-container"
          >
            <button
              class="btn-ttx btn-ttx__sm"
            >
              <span>
                Agregar al carrito
              </span>
              <svg
                class="cart-icon"
                fill="currentColor"
                height="14"
                stroke="currentColor"
                stroke-width="0"
                viewBox="0 0 16 16"
                width="14"
                xmlns="http://www.w3.org/2000/svg"
              >
                <path
                  d="M0 2.5A.5.5 0 0 1 .5 2H2a.5.5 0 0 1 .485.379L2.89 4H14.5a.5.5 0 0 1 .485.621l-1.5 6A.5.5 0 0 1 13 11H4a.5.5 0 0 1-.485-.379L1.61 3H.5a.5.5 0 0 1-.5-.5zM3.14 5l.5 2H5V5H3.14zM6 5v2h2V5H6zm3 0v2h2V5H9zm3 0v2h1.36l.5-2H12zm1.11 3H12v2h.61l.5-2zM11 8H9v2h2V8zM8 8H6v2h2V8zM5 8H3.89l.5 2H5V8zm0 5a1 1 0 1 0 0 2 1 1 0 0 0 0-2zm-2 1a2 2 0 1 1 4 0 2 2 0 0 1-4 0zm9-1a1 1 0 1 0 0 2 1 1 0 0 0 0-2zm-2 1a2 2 0 1 1 4 0 2 2 0 0 1-4 0z"
                />
              </svg>
            </button>
          </div>
        </div>
      </a>
    </div>
    <div>
      <a
        href="/details/undefinedundefined"
      >
        <div
          class="card"
        >
          <img
            class="card__image"
            src="http:image-hp-test.com"
          />
          <div
            class="card__content"
          >
            <p
              class="card__content--brand"
            >
              Hp
            </p>
            <p
              class="card__content--model"
            >
              test hp
            </p>
            <p
              class="card__content--price"
            >
              160
               €
            </p>
          </div>
          <div
            class="btn btn-container"
          >
            <button
              class="btn-ttx btn-ttx__sm"
            >
              <span>
                Agregar al carrito
              </span>
              <svg
                class="cart-icon"
                fill="currentColor"
                height="14"
                stroke="currentColor"
                stroke-width="0"
                viewBox="0 0 16 16"
                width="14"
                xmlns="http://www.w3.org/2000/svg"
              >
                <path
                  d="M0 2.5A.5.5 0 0 1 .5 2H2a.5.5 0 0 1 .485.379L2.89 4H14.5a.5.5 0 0 1 .485.621l-1.5 6A.5.5 0 0 1 13 11H4a.5.5 0 0 1-.485-.379L1.61 3H.5a.5.5 0 0 1-.5-.5zM3.14 5l.5 2H5V5H3.14zM6 5v2h2V5H6zm3 0v2h2V5H9zm3 0v2h1.36l.5-2H12zm1.11 3H12v2h.61l.5-2zM11 8H9v2h2V8zM8 8H6v2h2V8zM5 8H3.89l.5 2H5V8zm0 5a1 1 0 1 0 0 2 1 1 0 0 0 0-2zm-2 1a2 2 0 1 1 4 0 2 2 0 0 1-4 0zm9-1a1 1 0 1 0 0 2 1 1 0 0 0 0-2zm-2 1a2 2 0 1 1 4 0 2 2 0 0 1-4 0z"
                />
              </svg>
            </button>
          </div>
        </div>
      </a>
    </div>
    <div>
      <a
        href="/details/undefinedundefined"
      >
        <div
          class="card"
        >
          <img
            class="card__image"
            src="http:image-hp-test.com"
          />
          <div
            class="card__content"
          >
            <p
              class="card__content--brand"
            >
              Alcatel
            </p>
            <p
              class="card__content--model"
            >
              test Alcatel
            </p>
            <p
              class="card__content--price"
            >
              120
               €
            </p>
          </div>
          <div
            class="btn btn-container"
          >
            <button
              class="btn-ttx btn-ttx__sm"
            >
              <span>
                Agregar al carrito
              </span>
              <svg
                class="cart-icon"
                fill="currentColor"
                height="14"
                stroke="currentColor"
                stroke-width="0"
                viewBox="0 0 16 16"
                width="14"
                xmlns="http://www.w3.org/2000/svg"
              >
                <path
                  d="M0 2.5A.5.5 0 0 1 .5 2H2a.5.5 0 0 1 .485.379L2.89 4H14.5a.5.5 0 0 1 .485.621l-1.5 6A.5.5 0 0 1 13 11H4a.5.5 0 0 1-.485-.379L1.61 3H.5a.5.5 0 0 1-.5-.5zM3.14 5l.5 2H5V5H3.14zM6 5v2h2V5H6zm3 0v2h2V5H9zm3 0v2h1.36l.5-2H12zm1.11 3H12v2h.61l.5-2zM11 8H9v2h2V8zM8 8H6v2h2V8zM5 8H3.89l.5 2H5V8zm0 5a1 1 0 1 0 0 2 1 1 0 0 0 0-2zm-2 1a2 2 0 1 1 4 0 2 2 0 0 1-4 0zm9-1a1 1 0 1 0 0 2 1 1 0 0 0 0-2zm-2 1a2 2 0 1 1 4 0 2 2 0 0 1-4 0z"
                />
              </svg>
            </button>
          </div>
        </div>
      </a>
    </div>
  </div>
</div>
`;
