// Jest Snapshot v1, https://goo.gl/fbAQLP

exports[`Techtronix component should render component 1`] = `
<div
  className="card-list"
>
  <div>
    <Link
      to="/details/undefined"
    >
      <ProductCard />
    </Link>
  </div>
</div>
`;
