// Jest Snapshot v1, https://goo.gl/fbAQLP

exports[`Techtronix component should render component 1`] = `
<div
  className="card"
>
  <img
    className="card__image"
    src="http:image-hp-test.com"
  />
  <div
    className="card__content"
  >
    <p
      className="card__content--brand"
    >
      Hp
    </p>
    <p
      className="card__content--model"
    >
      test model
    </p>
    <p
      className="card__content--price"
    >
      110
       â‚¬
    </p>
  </div>
  <Button
    disabledBtn={false}
    onClick={[Function]}
    size="sm"
  >
    <React.Fragment>
      <span>
        Agregar al carrito
      </span>
      <BsCart4
        className="cart-icon"
        size={14}
      />
    </React.Fragment>
  </Button>
</div>
`;
