// Jest Snapshot v1, https://goo.gl/fbAQLP

exports[`Product detail wrap component Renderer componen 1`] = `undefined`;
